┏━━━━━━━━━━━━━━━━━━━━━━┳━━━━━━━━━━┳━━━━━━━━━━┳━━━━━━━━━━┳━━━━━━━━━━┳━━━━━━━━━━━┳━━━━━━━━━━┳━━━━━━━━━━━┳━━━━━━━━━━┳━━━━━━━━━━━┳━━━━━━━━━━┳━━━━━━━━━━━┳━━━━━━━━━━┓
┃                      ┃ Hold     ┃ Reg to   ┃          ┃          ┃ of which  ┃ Setup    ┃           ┃          ┃           ┃ of which ┃           ┃          ┃
┃                      ┃ Worst    ┃ Reg      ┃          ┃ Hold Vio ┃ reg to    ┃ Worst    ┃ Reg to    ┃ Setup    ┃ Setup Vio ┃ reg to   ┃ Max Cap   ┃ Max Slew ┃
┃ Corner/Group         ┃ Slack    ┃ Paths    ┃ Hold TNS ┃ Count    ┃ reg       ┃ Slack    ┃ Reg Paths ┃ TNS      ┃ Count     ┃ reg      ┃ Violatio… ┃ Violati… ┃
┡━━━━━━━━━━━━━━━━━━━━━━╇━━━━━━━━━━╇━━━━━━━━━━╇━━━━━━━━━━╇━━━━━━━━━━╇━━━━━━━━━━━╇━━━━━━━━━━╇━━━━━━━━━━━╇━━━━━━━━━━╇━━━━━━━━━━━╇━━━━━━━━━━╇━━━━━━━━━━━╇━━━━━━━━━━┩
│ Overall              │ -19.5783 │ -19.5783 │ -19.5783 │ 9        │ 9         │ 15.0607  │ 27.7452   │ 0.0000   │ 0         │ 0        │ 0         │ 161      │
│ nom_tt_025C_1v80     │ -19.2468 │ -19.2468 │ -19.2468 │ 1        │ 1         │ 19.5372  │ 34.5845   │ 0.0000   │ 0         │ 0        │ 0         │ 0        │
│ nom_ss_100C_1v60     │ -18.3418 │ -18.3418 │ -18.3418 │ 1        │ 1         │ 15.1661  │ 27.8373   │ 0.0000   │ 0         │ 0        │ 0         │ 93       │
│ nom_ff_n40C_1v95     │ -19.5707 │ -19.5707 │ -19.5707 │ 1        │ 1         │ 21.4483  │ 36.7218   │ 0.0000   │ 0         │ 0        │ 0         │ 0        │
│ min_tt_025C_1v80     │ -19.2584 │ -19.2584 │ -19.2584 │ 1        │ 1         │ 19.5965  │ 34.6334   │ 0.0000   │ 0         │ 0        │ 0         │ 0        │
│ min_ss_100C_1v60     │ -18.3620 │ -18.3620 │ -18.3620 │ 1        │ 1         │ 15.2766  │ 27.9332   │ 0.0000   │ 0         │ 0        │ 0         │ 41       │
│ min_ff_n40C_1v95     │ -19.5783 │ -19.5783 │ -19.5783 │ 1        │ 1         │ 21.4907  │ 36.7553   │ 0.0000   │ 0         │ 0        │ 0         │ 0        │
│ max_tt_025C_1v80     │ -19.2334 │ -19.2334 │ -19.2334 │ 1        │ 1         │ 19.4778  │ 34.5395   │ 0.0000   │ 0         │ 0        │ 0         │ 0        │
│ max_ss_100C_1v60     │ -18.3217 │ -18.3217 │ -18.3217 │ 1        │ 1         │ 15.0607  │ 27.7452   │ 0.0000   │ 0         │ 0        │ 0         │ 161      │
│ max_ff_n40C_1v95     │ -19.5631 │ -19.5631 │ -19.5631 │ 1        │ 1         │ 21.4074  │ 36.6917   │ 0.0000   │ 0         │ 0        │ 0         │ 0        │
└──────────────────────┴──────────┴──────────┴──────────┴──────────┴───────────┴──────────┴───────────┴──────────┴───────────┴──────────┴───────────┴──────────┘
